[0.566s] Invoking command in '/home/cix/Ros2Learning_ws/src/my_package': PYTHONPATH=/home/cix/Ros2Learning_ws/build/my_package/prefix_override:/usr/lib/python3/dist-packages/colcon_core/task/python/colcon_distutils_commands:/home/cix/Ros2Learning_ws/install/my_package/lib/python3.10/site-packages:${PYTHONPATH} /usr/bin/python3 -W ignore:setup.py install is deprecated -W ignore:easy_install command is deprecated setup.py egg_info --egg-base ../../build/my_package build --build-base /home/cix/Ros2Learning_ws/build/my_package/build install --record /home/cix/Ros2Learning_ws/build/my_package/install.log --install-scripts $base/lib/my_package --single-version-externally-managed install_data
[0.682s] running egg_info
[0.682s] creating ../../build/my_package/my_package.egg-info
[0.688s] writing ../../build/my_package/my_package.egg-info/PKG-INFO
[0.688s] writing dependency_links to ../../build/my_package/my_package.egg-info/dependency_links.txt
[0.688s] writing entry points to ../../build/my_package/my_package.egg-info/entry_points.txt
[0.688s] writing requirements to ../../build/my_package/my_package.egg-info/requires.txt
[0.689s] writing top-level names to ../../build/my_package/my_package.egg-info/top_level.txt
[0.689s] writing manifest file '../../build/my_package/my_package.egg-info/SOURCES.txt'
[0.702s] reading manifest file '../../build/my_package/my_package.egg-info/SOURCES.txt'
[0.702s] writing manifest file '../../build/my_package/my_package.egg-info/SOURCES.txt'
[0.702s] running build
[0.702s] running build_py
[0.702s] creating /home/cix/Ros2Learning_ws/build/my_package/build
[0.702s] creating /home/cix/Ros2Learning_ws/build/my_package/build/lib
[0.702s] creating /home/cix/Ros2Learning_ws/build/my_package/build/lib/my_package
[0.702s] copying my_package/my_node.py -> /home/cix/Ros2Learning_ws/build/my_package/build/lib/my_package
[0.702s] copying my_package/__init__.py -> /home/cix/Ros2Learning_ws/build/my_package/build/lib/my_package
[0.702s] running install
[0.705s] running install_lib
[0.712s] creating /home/cix/Ros2Learning_ws/install/my_package/lib/python3.10/site-packages/my_package
[0.712s] copying /home/cix/Ros2Learning_ws/build/my_package/build/lib/my_package/my_node.py -> /home/cix/Ros2Learning_ws/install/my_package/lib/python3.10/site-packages/my_package
[0.712s] copying /home/cix/Ros2Learning_ws/build/my_package/build/lib/my_package/__init__.py -> /home/cix/Ros2Learning_ws/install/my_package/lib/python3.10/site-packages/my_package
[0.712s] byte-compiling /home/cix/Ros2Learning_ws/install/my_package/lib/python3.10/site-packages/my_package/my_node.py to my_node.cpython-310.pyc
[0.712s] byte-compiling /home/cix/Ros2Learning_ws/install/my_package/lib/python3.10/site-packages/my_package/__init__.py to __init__.cpython-310.pyc
[0.712s] running install_data
[0.712s] creating /home/cix/Ros2Learning_ws/install/my_package/share/ament_index
[0.712s] creating /home/cix/Ros2Learning_ws/install/my_package/share/ament_index/resource_index
[0.712s] creating /home/cix/Ros2Learning_ws/install/my_package/share/ament_index/resource_index/packages
[0.712s] copying resource/my_package -> /home/cix/Ros2Learning_ws/install/my_package/share/ament_index/resource_index/packages
[0.712s] copying package.xml -> /home/cix/Ros2Learning_ws/install/my_package/share/my_package
[0.712s] running install_egg_info
[0.720s] Copying ../../build/my_package/my_package.egg-info to /home/cix/Ros2Learning_ws/install/my_package/lib/python3.10/site-packages/my_package-0.0.0-py3.10.egg-info
[0.720s] running install_scripts
[0.783s] Installing my_node script to /home/cix/Ros2Learning_ws/install/my_package/lib/my_package
[0.783s] writing list of installed files to '/home/cix/Ros2Learning_ws/build/my_package/install.log'
[0.799s] Invoked command in '/home/cix/Ros2Learning_ws/src/my_package' returned '0': PYTHONPATH=/home/cix/Ros2Learning_ws/build/my_package/prefix_override:/usr/lib/python3/dist-packages/colcon_core/task/python/colcon_distutils_commands:/home/cix/Ros2Learning_ws/install/my_package/lib/python3.10/site-packages:${PYTHONPATH} /usr/bin/python3 -W ignore:setup.py install is deprecated -W ignore:easy_install command is deprecated setup.py egg_info --egg-base ../../build/my_package build --build-base /home/cix/Ros2Learning_ws/build/my_package/build install --record /home/cix/Ros2Learning_ws/build/my_package/install.log --install-scripts $base/lib/my_package --single-version-externally-managed install_data
